[28/09/2026 18:55:18] 🔄 Sincronizando /home/antonio/.hermes/ → /home/antonio/Config/hermes/sesion-hermes/
[28/09/2026 18:55:18] ✅ Archivos sincronizados
[28/09/2026 18:55:18] 📦 Regenerando tarball de backup...
[28/09/2026 18:55:19] ✅ Backup regenerado: ok
[28/09/2026 18:55:19] ─────────────────────────────────────
[28/09/2026 18:55:45] 🔄 Sincronizando /home/antonio/.hermes/ → /home/antonio/Config/hermes/sesion-hermes/
[28/09/2026 18:55:45] ✅ Archivos sincronizados
[28/09/2026 18:55:45] 📦 Regenerando tarball de backup...
[28/09/2026 18:55:46] ✅ Backup regenerado: ✅ Tarball creado (952K): /home/antonio/Config/hermes/backups/hermes/hermes-backup-20260928-185545.tar.gz
[28/09/2026 18:55:46] ─────────────────────────────────────
[28/09/2026 19:26:00] 🔄 Sincronizando /home/antonio/.hermes/ → /home/antonio/Config/hermes/sesion-hermes/
[28/09/2026 19:26:00] ✅ Archivos sincronizados
[28/09/2026 19:26:00] 📦 Regenerando tarball de backup...
[28/09/2026 19:26:01] ✅ Backup regenerado: ✅ Tarball creado (956K): /home/antonio/Config/hermes/backups/hermes/hermes-backup-20260928-192600.tar.gz
[28/09/2026 19:26:01] ─────────────────────────────────────
[28/09/2026 20:28:14] 🔄 Sincronizando /home/antonio/.hermes/ → /home/antonio/Config/hermes/sesion-hermes/
[28/09/2026 20:28:14] ✅ Archivos sincronizados
[28/09/2026 20:28:14] 📦 Regenerando tarball de backup...
[28/09/2026 20:28:15] ✅ Backup regenerado: ✅ Tarball creado (956K): /home/antonio/Config/hermes/backups/hermes/hermes-backup-20260928-202814.tar.gz
[28/09/2026 20:28:15] ─────────────────────────────────────
[28/09/2026 20:58:27] 🔄 Sincronizando /home/antonio/.hermes/ → /home/antonio/Config/hermes/sesion-hermes/
[28/09/2026 20:58:27] ✅ Archivos sincronizados
[28/09/2026 20:58:27] 📦 Regenerando tarball de backup...
[28/09/2026 20:58:28] ✅ Backup regenerado: ✅ Tarball creado (964K): /home/antonio/Config/hermes/backups/hermes/hermes-backup-20260928-205827.tar.gz
[28/09/2026 20:58:28] ─────────────────────────────────────
[28/09/2026 21:12:27] 🔄 Sincronizando /home/antonio/.hermes/ → /home/antonio/Config/hermes/sesion-hermes/
[28/09/2026 21:12:27] ✅ Archivos sincronizados
[28/09/2026 21:12:27] 📦 Regenerando tarball de backup...
[28/09/2026 21:12:29] ✅ Backup regenerado: ✅ Tarball creado (964K): /home/antonio/Config/hermes/backups/hermes/hermes-backup-20260928-211228.tar.gz
[28/09/2026 21:12:29] ─────────────────────────────────────
[29/09/2026 10:49:29] 🔄 Sincronizando /home/antonio/.hermes/ → /home/antonio/Config/hermes/sesion-hermes/
[29/09/2026 10:49:29] ✅ Archivos sincronizados
[29/09/2026 10:49:29] 📦 Regenerando tarball de backup...
[29/09/2026 10:49:30] ✅ Backup regenerado: ✅ Tarball creado (964K): /home/antonio/Config/hermes/backups/hermes/hermes-backup-20260929-104929.tar.gz
[29/09/2026 10:49:30] ─────────────────────────────────────
[29/09/2026 11:01:45] 🔄 Sincronizando /home/antonio/.hermes/ → /home/antonio/Config/hermes/sesion-hermes/
[29/09/2026 11:01:45] ✅ Archivos sincronizados
[29/09/2026 11:01:45] 📦 Regenerando tarball de backup...
[29/09/2026 11:01:46] ✅ Backup regenerado: ✅ Tarball creado (968K): /home/antonio/Config/hermes/backups/hermes/hermes-backup-20260929-110145.tar.gz
[29/09/2026 11:01:46] ─────────────────────────────────────
[29/09/2026 11:09:18] 🔄 Sincronizando /home/antonio/.hermes/ → /home/antonio/Config/hermes/sesion-hermes/
[29/09/2026 11:09:18] ✅ Archivos sincronizados
[29/09/2026 11:09:18] 📦 Regenerando tarball de backup...
[29/09/2026 11:09:19] ✅ Backup regenerado: ✅ Tarball creado (968K): /home/antonio/Config/hermes/backups/hermes/hermes-backup-20260929-110918.tar.gz
[29/09/2026 11:09:19] ─────────────────────────────────────
[29/09/2026 11:19:35] 🔄 Sincronizando /home/antonio/.hermes/ → /home/antonio/Config/hermes/sesion-hermes/
[29/09/2026 11:19:35] ✅ Archivos sincronizados
[29/09/2026 11:19:35] 📦 Regenerando tarball de backup...
[29/09/2026 11:19:36] ✅ Backup regenerado: ✅ Tarball creado (968K): /home/antonio/Config/hermes/backups/hermes/hermes-backup-20260929-111935.tar.gz
[29/09/2026 11:19:36] ─────────────────────────────────────
[29/09/2026 11:49:46] 🔄 Sincronizando /home/antonio/.hermes/ → /home/antonio/Config/hermes/sesion-hermes/
[29/09/2026 11:49:46] ✅ Archivos sincronizados
[29/09/2026 11:49:46] 📦 Regenerando tarball de backup...
[29/09/2026 11:49:47] ✅ Backup regenerado: ✅ Tarball creado (968K): /home/antonio/Config/hermes/backups/hermes/hermes-backup-20260929-114946.tar.gz
[29/09/2026 11:49:47] ─────────────────────────────────────
[29/09/2026 12:20:35] 🔄 Sincronizando /home/antonio/.hermes/ → /home/antonio/Config/hermes/sesion-hermes/
[29/09/2026 12:20:35] ✅ Archivos sincronizados
[29/09/2026 12:20:35] 📦 Regenerando tarball de backup...
[29/09/2026 12:20:36] ✅ Backup regenerado: ✅ Tarball creado (976K): /home/antonio/Config/hermes/backups/hermes/hermes-backup-20260929-122035.tar.gz
[29/09/2026 12:20:36] ─────────────────────────────────────
[29/09/2026 12:50:46] 🔄 Sincronizando /home/antonio/.hermes/ → /home/antonio/Config/hermes/sesion-hermes/
[29/09/2026 12:50:46] ✅ Archivos sincronizados
[29/09/2026 12:50:46] 📦 Regenerando tarball de backup...
[29/09/2026 12:50:47] ✅ Backup regenerado: ✅ Tarball creado (976K): /home/antonio/Config/hermes/backups/hermes/hermes-backup-20260929-125046.tar.gz
[29/09/2026 12:50:47] ─────────────────────────────────────
[29/09/2026 18:17:30] 🔄 Sincronizando /home/antonio/.hermes/ → /home/antonio/Config/hermes/sesion-hermes/
[29/09/2026 18:17:30] ✅ Archivos sincronizados
[29/09/2026 18:17:30] 📦 Regenerando tarball de backup...
[29/09/2026 18:17:31] ✅ Backup regenerado: ✅ Tarball creado (976K): /home/antonio/Config/hermes/backups/hermes/hermes-backup-20260929-181730.tar.gz
[29/09/2026 18:17:31] ─────────────────────────────────────
[29/09/2026 18:42:39] 🔄 Sincronizando /home/antonio/.hermes/ → /home/antonio/Config/hermes/sesion-hermes/
[29/09/2026 18:42:39] ✅ Archivos sincronizados
[29/09/2026 18:42:39] 📦 Regenerando tarball de backup...
[29/09/2026 18:42:41] ✅ Backup regenerado: ✅ Tarball creado (980K): /home/antonio/Config/hermes/backups/hermes/hermes-backup-20260929-184239.tar.gz
[29/09/2026 18:42:41] ─────────────────────────────────────
[29/09/2026 18:47:30] 🔄 Sincronizando /home/antonio/.hermes/ → /home/antonio/Config/hermes/sesion-hermes/
[29/09/2026 18:47:30] ✅ Archivos sincronizados
[29/09/2026 18:47:30] 📦 Regenerando tarball de backup...
[29/09/2026 18:47:31] ✅ Backup regenerado: ✅ Tarball creado (980K): /home/antonio/Config/hermes/backups/hermes/hermes-backup-20260929-184730.tar.gz
[29/09/2026 18:47:31] ─────────────────────────────────────
[29/09/2026 18:49:35] 🔄 Sincronizando /home/antonio/.hermes/ → /home/antonio/Config/hermes/sesion-hermes/
[29/09/2026 18:49:35] ✅ Archivos sincronizados
[29/09/2026 18:49:35] 📦 Regenerando tarball de backup...
[29/09/2026 18:49:36] ✅ Backup regenerado: ✅ Tarball creado (980K): /home/antonio/Config/hermes/backups/hermes/hermes-backup-20260929-184935.tar.gz
[29/09/2026 18:49:36] ─────────────────────────────────────
[29/09/2026 19:17:46] 🔄 Sincronizando /home/antonio/.hermes/ → /home/antonio/Config/hermes/sesion-hermes/
[29/09/2026 19:17:46] ✅ Archivos sincronizados
[29/09/2026 19:17:46] 📦 Regenerando tarball de backup...
[29/09/2026 19:17:48] ✅ Backup regenerado: ✅ Tarball creado (984K): /home/antonio/Config/hermes/backups/hermes/hermes-backup-20260929-191746.tar.gz
[29/09/2026 19:17:48] ─────────────────────────────────────
[29/09/2026 19:24:58] 🔄 Sincronizando /home/antonio/.hermes/ → /home/antonio/Config/hermes/sesion-hermes/
[29/09/2026 19:24:58] ✅ Archivos sincronizados
[29/09/2026 19:24:58] 📦 Regenerando tarball de backup...
[29/09/2026 19:24:59] ✅ Backup regenerado: ✅ Tarball creado (984K): /home/antonio/Config/hermes/backups/hermes/hermes-backup-20260929-192458.tar.gz
[29/09/2026 19:24:59] ─────────────────────────────────────
[29/09/2026 19:41:10] 🔄 Sincronizando /home/antonio/.hermes/ → /home/antonio/Config/hermes/sesion-hermes/
[29/09/2026 19:41:10] ✅ Archivos sincronizados
[29/09/2026 19:41:10] 📦 Regenerando tarball de backup...
[29/09/2026 19:41:11] ✅ Backup regenerado: ✅ Tarball creado (988K): /home/antonio/Config/hermes/backups/hermes/hermes-backup-20260929-194110.tar.gz
[29/09/2026 19:41:11] ─────────────────────────────────────
[29/09/2026 19:47:07] 🔄 Sincronizando /home/antonio/.hermes/ → /home/antonio/Config/hermes/sesion-hermes/
[29/09/2026 19:47:07] ✅ Archivos sincronizados
[29/09/2026 19:47:07] 📦 Regenerando tarball de backup...
[29/09/2026 19:47:09] ✅ Backup regenerado: ✅ Tarball creado (988K): /home/antonio/Config/hermes/backups/hermes/hermes-backup-20260929-194707.tar.gz
[29/09/2026 19:47:09] ─────────────────────────────────────
[29/09/2026 19:48:30] 🔄 Sincronizando /home/antonio/.hermes/ → /home/antonio/Config/hermes/sesion-hermes/
[29/09/2026 19:48:30] ✅ Archivos sincronizados
[29/09/2026 19:48:30] 📦 Regenerando tarball de backup...
[29/09/2026 19:48:31] ✅ Backup regenerado: ✅ Tarball creado (988K): /home/antonio/Config/hermes/backups/hermes/hermes-backup-20260929-194830.tar.gz
[29/09/2026 19:48:31] ─────────────────────────────────────
[29/09/2026 20:18:30] 🔄 Sincronizando /home/antonio/.hermes/ → /home/antonio/Config/hermes/sesion-hermes/
[29/09/2026 20:18:30] ✅ Archivos sincronizados
[29/09/2026 20:18:30] 📦 Regenerando tarball de backup...
[29/09/2026 20:18:31] ✅ Backup regenerado: ✅ Tarball creado (992K): /home/antonio/Config/hermes/backups/hermes/hermes-backup-20260929-201830.tar.gz
[29/09/2026 20:18:31] ─────────────────────────────────────
[29/09/2026 20:37:56] 🔄 Sincronizando /home/antonio/.hermes/ → /home/antonio/Config/hermes/sesion-hermes/
[29/09/2026 20:37:56] ✅ Archivos sincronizados
[29/09/2026 20:37:56] 📦 Regenerando tarball de backup...
[29/09/2026 20:37:57] ✅ Backup regenerado: ✅ Tarball creado (992K): /home/antonio/Config/hermes/backups/hermes/hermes-backup-20260929-203756.tar.gz
[29/09/2026 20:37:57] ─────────────────────────────────────
[29/09/2026 20:43:08] 🔄 Sincronizando /home/antonio/.hermes/ → /home/antonio/Config/hermes/sesion-hermes/
[29/09/2026 20:43:08] ✅ Archivos sincronizados
[29/09/2026 20:43:08] 📦 Regenerando tarball de backup...
[29/09/2026 20:43:09] ✅ Backup regenerado: ✅ Tarball creado (992K): /home/antonio/Config/hermes/backups/hermes/hermes-backup-20260929-204308.tar.gz
[29/09/2026 20:43:09] ─────────────────────────────────────
[29/09/2026 20:48:30] 🔄 Sincronizando /home/antonio/.hermes/ → /home/antonio/Config/hermes/sesion-hermes/
[29/09/2026 20:48:30] ✅ Archivos sincronizados
[29/09/2026 20:48:30] 📦 Regenerando tarball de backup...
[29/09/2026 20:48:31] ✅ Backup regenerado: ✅ Tarball creado (992K): /home/antonio/Config/hermes/backups/hermes/hermes-backup-20260929-204830.tar.gz
[29/09/2026 20:48:31] ─────────────────────────────────────
[29/09/2026 20:50:45] 🔄 Sincronizando /home/antonio/.hermes/ → /home/antonio/Config/hermes/sesion-hermes/
[29/09/2026 20:50:45] ✅ Archivos sincronizados
[29/09/2026 20:50:45] 📦 Regenerando tarball de backup...
[29/09/2026 20:50:46] ✅ Backup regenerado: ✅ Tarball creado (996K): /home/antonio/Config/hermes/backups/hermes/hermes-backup-20260929-205045.tar.gz
[29/09/2026 20:50:46] ─────────────────────────────────────
[29/09/2026 21:01:38] 🔄 Sincronizando /home/antonio/.hermes/ → /home/antonio/Config/hermes/sesion-hermes/
[29/09/2026 21:01:38] ✅ Archivos sincronizados
[29/09/2026 21:01:38] 📦 Regenerando tarball de backup...
[29/09/2026 21:01:39] ✅ Backup regenerado: ✅ Tarball creado (996K): /home/antonio/Config/hermes/backups/hermes/hermes-backup-20260929-210138.tar.gz
[29/09/2026 21:01:39] ─────────────────────────────────────
[29/09/2026 21:18:46] 🔄 Sincronizando /home/antonio/.hermes/ → /home/antonio/Config/hermes/sesion-hermes/
[29/09/2026 21:18:46] ✅ Archivos sincronizados
[29/09/2026 21:18:46] 📦 Regenerando tarball de backup...
[29/09/2026 21:18:48] ✅ Backup regenerado: ✅ Tarball creado (1,0M): /home/antonio/Config/hermes/backups/hermes/hermes-backup-20260929-211846.tar.gz
[29/09/2026 21:18:48] ─────────────────────────────────────
[29/09/2026 21:27:29] 🔄 Sincronizando /home/antonio/.hermes/ → /home/antonio/Config/hermes/sesion-hermes/
[29/09/2026 21:27:29] ✅ Archivos sincronizados
[29/09/2026 21:27:29] 📦 Regenerando tarball de backup...
[29/09/2026 21:27:31] ✅ Backup regenerado: ✅ Tarball creado (1,1M): /home/antonio/Config/hermes/backups/hermes/hermes-backup-20260929-212729.tar.gz
[29/09/2026 21:27:31] ─────────────────────────────────────
[29/09/2026 21:28:23] 🔄 Sincronizando /home/antonio/.hermes/ → /home/antonio/Config/hermes/sesion-hermes/
[29/09/2026 21:28:23] ✅ Archivos sincronizados
[29/09/2026 21:28:23] 📦 Regenerando tarball de backup...
[29/09/2026 21:28:25] ✅ Backup regenerado: ✅ Tarball creado (1,1M): /home/antonio/Config/hermes/backups/hermes/hermes-backup-20260929-212823.tar.gz
[29/09/2026 21:28:25] ─────────────────────────────────────
[29/09/2026 21:49:06] 🔄 Sincronizando /home/antonio/.hermes/ → /home/antonio/Config/hermes/sesion-hermes/
[29/09/2026 21:49:06] ✅ Archivos sincronizados
[29/09/2026 21:49:06] 📦 Regenerando tarball de backup...
[29/09/2026 21:49:09] ✅ Backup regenerado: ✅ Tarball creado (1,1M): /home/antonio/Config/hermes/backups/hermes/hermes-backup-20260929-214906.tar.gz
[29/09/2026 21:49:09] ─────────────────────────────────────
[29/09/2026 22:38:37] 🔄 Sincronizando /home/antonio/.hermes/ → /home/antonio/Config/hermes/sesion-hermes/
[29/09/2026 22:38:38] ✅ Archivos sincronizados
[29/09/2026 22:38:38] 📦 Regenerando tarball de backup...
[29/09/2026 22:38:39] ✅ Backup regenerado: ✅ Tarball creado (1,1M): /home/antonio/Config/hermes/backups/hermes/hermes-backup-20260929-223838.tar.gz
[29/09/2026 22:38:39] ─────────────────────────────────────
[30/09/2026 14:10:30] 🔄 Sincronizando /home/antonio/.hermes/ → /home/antonio/Config/hermes/sesion-hermes/
[30/09/2026 14:10:30] ✅ Archivos sincronizados
[30/09/2026 14:10:30] 📦 Regenerando tarball de backup...
[30/09/2026 14:10:32] ✅ Backup regenerado: ✅ Tarball creado (1,1M): /home/antonio/Config/hermes/backups/hermes/hermes-backup-20260930-141030.tar.gz
[30/09/2026 14:10:32] ─────────────────────────────────────
[30/09/2026 14:40:38] 🔄 Sincronizando /home/antonio/.hermes/ → /home/antonio/Config/hermes/sesion-hermes/
[30/09/2026 14:40:38] ✅ Archivos sincronizados
[30/09/2026 14:40:38] 📦 Regenerando tarball de backup...
[30/09/2026 14:40:39] ✅ Backup regenerado: ✅ Tarball creado (1,1M): /home/antonio/Config/hermes/backups/hermes/hermes-backup-20260930-144038.tar.gz
[30/09/2026 14:40:39] ─────────────────────────────────────
[30/09/2026 14:42:32] 🔄 Sincronizando /home/antonio/.hermes/ → /home/antonio/Config/hermes/sesion-hermes/
[30/09/2026 14:42:32] ✅ Archivos sincronizados
[30/09/2026 14:42:32] 📦 Regenerando tarball de backup...
[30/09/2026 14:42:34] ✅ Backup regenerado: ✅ Tarball creado (1,1M): /home/antonio/Config/hermes/backups/hermes/hermes-backup-20260930-144232.tar.gz
[30/09/2026 14:42:34] ─────────────────────────────────────
[30/09/2026 15:09:05] 🔄 Sincronizando /home/antonio/.hermes/ → /home/antonio/Config/hermes/sesion-hermes/
[30/09/2026 15:09:05] ✅ Archivos sincronizados
[30/09/2026 15:09:05] 📦 Regenerando tarball de backup...
[30/09/2026 15:09:06] ✅ Backup regenerado: ✅ Tarball creado (1,1M): /home/antonio/Config/hermes/backups/hermes/hermes-backup-20260930-150905.tar.gz
[30/09/2026 15:09:06] ─────────────────────────────────────
[30/09/2026 15:10:28] 🔄 Sincronizando /home/antonio/.hermes/ → /home/antonio/Config/hermes/sesion-hermes/
[30/09/2026 15:10:28] ✅ Archivos sincronizados
[30/09/2026 15:10:28] 📦 Regenerando tarball de backup...
[30/09/2026 15:10:29] ✅ Backup regenerado: ✅ Tarball creado (1,1M): /home/antonio/Config/hermes/backups/hermes/hermes-backup-20260930-151028.tar.gz
[30/09/2026 15:10:29] ─────────────────────────────────────
[30/09/2026 15:11:30] 🔄 Sincronizando /home/antonio/.hermes/ → /home/antonio/Config/hermes/sesion-hermes/
[30/09/2026 15:11:30] ✅ Archivos sincronizados
[30/09/2026 15:11:30] 📦 Regenerando tarball de backup...
[30/09/2026 15:11:32] ✅ Backup regenerado: ✅ Tarball creado (1,1M): /home/antonio/Config/hermes/backups/hermes/hermes-backup-20260930-151130.tar.gz
[30/09/2026 15:11:32] ─────────────────────────────────────
[30/09/2026 15:21:45] 🔄 Sincronizando /home/antonio/.hermes/ → /home/antonio/Config/hermes/sesion-hermes/
[30/09/2026 15:21:45] ✅ Archivos sincronizados
[30/09/2026 15:21:45] 📦 Regenerando tarball de backup...
[30/09/2026 15:21:46] ✅ Backup regenerado: ✅ Tarball creado (1,1M): /home/antonio/Config/hermes/backups/hermes/hermes-backup-20260930-152145.tar.gz
[30/09/2026 15:21:46] ─────────────────────────────────────
[30/09/2026 15:41:30] 🔄 Sincronizando /home/antonio/.hermes/ → /home/antonio/Config/hermes/sesion-hermes/
[30/09/2026 15:41:30] ✅ Archivos sincronizados
[30/09/2026 15:41:30] 📦 Regenerando tarball de backup...
[30/09/2026 15:41:32] ✅ Backup regenerado: ✅ Tarball creado (1,1M): /home/antonio/Config/hermes/backups/hermes/hermes-backup-20260930-154130.tar.gz
[30/09/2026 15:41:32] ─────────────────────────────────────
[30/09/2026 16:11:38] 🔄 Sincronizando /home/antonio/.hermes/ → /home/antonio/Config/hermes/sesion-hermes/
[30/09/2026 16:11:38] ✅ Archivos sincronizados
[30/09/2026 16:11:38] 📦 Regenerando tarball de backup...
[30/09/2026 16:11:39] ✅ Backup regenerado: ✅ Tarball creado (1,1M): /home/antonio/Config/hermes/backups/hermes/hermes-backup-20260930-161138.tar.gz
[30/09/2026 16:11:39] ─────────────────────────────────────
[30/09/2026 16:41:47] 🔄 Sincronizando /home/antonio/.hermes/ → /home/antonio/Config/hermes/sesion-hermes/
[30/09/2026 16:41:47] ✅ Archivos sincronizados
[30/09/2026 16:41:47] 📦 Regenerando tarball de backup...
[30/09/2026 16:41:49] ✅ Backup regenerado: ✅ Tarball creado (1,1M): /home/antonio/Config/hermes/backups/hermes/hermes-backup-20260930-164147.tar.gz
[30/09/2026 16:41:49] ─────────────────────────────────────
[30/09/2026 17:05:00] 🔄 Sincronizando /home/antonio/.hermes/ → /home/antonio/Config/hermes/sesion-hermes/
[30/09/2026 17:05:00] ✅ Archivos sincronizados
[30/09/2026 17:05:00] 📦 Regenerando tarball de backup...
[30/09/2026 17:05:01] ✅ Backup regenerado: ✅ Tarball creado (1,1M): /home/antonio/Config/hermes/backups/hermes/hermes-backup-20260930-170500.tar.gz
[30/09/2026 17:05:01] ─────────────────────────────────────
[30/09/2026 17:12:30] 🔄 Sincronizando /home/antonio/.hermes/ → /home/antonio/Config/hermes/sesion-hermes/
[30/09/2026 17:12:30] ✅ Archivos sincronizados
[30/09/2026 17:12:30] 📦 Regenerando tarball de backup...
[30/09/2026 17:12:32] ✅ Backup regenerado: ✅ Tarball creado (1,1M): /home/antonio/Config/hermes/backups/hermes/hermes-backup-20260930-171230.tar.gz
[30/09/2026 17:12:32] ─────────────────────────────────────
[30/09/2026 17:23:39] 🔄 Sincronizando /home/antonio/.hermes/ → /home/antonio/Config/hermes/sesion-hermes/
[30/09/2026 17:23:39] ✅ Archivos sincronizados
[30/09/2026 17:23:39] 📦 Regenerando tarball de backup...
[30/09/2026 17:23:41] ✅ Backup regenerado: ✅ Tarball creado (1,1M): /home/antonio/Config/hermes/backups/hermes/hermes-backup-20260930-172339.tar.gz
[30/09/2026 17:23:41] ─────────────────────────────────────
[30/09/2026 17:33:52] 🔄 Sincronizando /home/antonio/.hermes/ → /home/antonio/Config/hermes/sesion-hermes/
[30/09/2026 17:33:52] ✅ Archivos sincronizados
[30/09/2026 17:33:52] 📦 Regenerando tarball de backup...
[30/09/2026 17:33:54] ✅ Backup regenerado: ✅ Tarball creado (1,1M): /home/antonio/Config/hermes/backups/hermes/hermes-backup-20260930-173352.tar.gz
[30/09/2026 17:33:54] ─────────────────────────────────────
[30/09/2026 17:36:30] 🔄 Sincronizando /home/antonio/.hermes/ → /home/antonio/Config/hermes/sesion-hermes/
[30/09/2026 17:36:31] ✅ Archivos sincronizados
[30/09/2026 17:36:31] 📦 Regenerando tarball de backup...
[30/09/2026 17:36:32] ✅ Backup regenerado: ✅ Tarball creado (1,1M): /home/antonio/Config/hermes/backups/hermes/hermes-backup-20260930-173631.tar.gz
[30/09/2026 17:36:32] ─────────────────────────────────────
[30/09/2026 17:42:02] 🔄 Sincronizando /home/antonio/.hermes/ → /home/antonio/Config/hermes/sesion-hermes/
[30/09/2026 17:42:02] ✅ Archivos sincronizados
[30/09/2026 17:42:02] 📦 Regenerando tarball de backup...
[30/09/2026 17:42:04] ✅ Backup regenerado: ✅ Tarball creado (1,1M): /home/antonio/Config/hermes/backups/hermes/hermes-backup-20260930-174202.tar.gz
[30/09/2026 17:42:04] ─────────────────────────────────────
[30/09/2026 17:42:31] 🔄 Sincronizando /home/antonio/.hermes/ → /home/antonio/Config/hermes/sesion-hermes/
[30/09/2026 17:42:31] ✅ Archivos sincronizados
[30/09/2026 17:42:31] 📦 Regenerando tarball de backup...
[30/09/2026 17:42:33] ✅ Backup regenerado: ✅ Tarball creado (1,1M): /home/antonio/Config/hermes/backups/hermes/hermes-backup-20260930-174231.tar.gz
[30/09/2026 17:42:33] ─────────────────────────────────────
[30/09/2026 17:45:14] 🔄 Sincronizando /home/antonio/.hermes/ → /home/antonio/Config/hermes/sesion-hermes/
[30/09/2026 17:45:14] ✅ Archivos sincronizados
[30/09/2026 17:45:14] 📦 Regenerando tarball de backup...
[30/09/2026 17:45:15] ✅ Backup regenerado: ✅ Tarball creado (1,1M): /home/antonio/Config/hermes/backups/hermes/hermes-backup-20260930-174514.tar.gz
[30/09/2026 17:45:15] ─────────────────────────────────────
[30/09/2026 18:12:38] 🔄 Sincronizando /home/antonio/.hermes/ → /home/antonio/Config/hermes/sesion-hermes/
[30/09/2026 18:12:38] ✅ Archivos sincronizados
[30/09/2026 18:12:38] 📦 Regenerando tarball de backup...
[30/09/2026 18:12:40] ✅ Backup regenerado: ✅ Tarball creado (1,1M): /home/antonio/Config/hermes/backups/hermes/hermes-backup-20260930-181238.tar.gz
[30/09/2026 18:12:40] ─────────────────────────────────────
[30/09/2026 18:43:30] 🔄 Sincronizando /home/antonio/.hermes/ → /home/antonio/Config/hermes/sesion-hermes/
[30/09/2026 18:43:30] ✅ Archivos sincronizados
[30/09/2026 18:43:30] 📦 Regenerando tarball de backup...
[30/09/2026 18:43:32] ✅ Backup regenerado: ✅ Tarball creado (1,1M): /home/antonio/Config/hermes/backups/hermes/hermes-backup-20260930-184330.tar.gz
[30/09/2026 18:43:32] ─────────────────────────────────────
[30/09/2026 19:13:38] 🔄 Sincronizando /home/antonio/.hermes/ → /home/antonio/Config/hermes/sesion-hermes/
[30/09/2026 19:13:38] ✅ Archivos sincronizados
[30/09/2026 19:13:38] 📦 Regenerando tarball de backup...
[30/09/2026 19:13:40] ✅ Backup regenerado: ✅ Tarball creado (1,1M): /home/antonio/Config/hermes/backups/hermes/hermes-backup-20260930-191338.tar.gz
[30/09/2026 19:13:40] ─────────────────────────────────────
[30/09/2026 19:44:30] 🔄 Sincronizando /home/antonio/.hermes/ → /home/antonio/Config/hermes/sesion-hermes/
[30/09/2026 19:44:30] ✅ Archivos sincronizados
[30/09/2026 19:44:30] 📦 Regenerando tarball de backup...
[30/09/2026 19:44:32] ✅ Backup regenerado: ✅ Tarball creado (1,1M): /home/antonio/Config/hermes/backups/hermes/hermes-backup-20260930-194430.tar.gz
[30/09/2026 19:44:32] ─────────────────────────────────────
[30/09/2026 20:14:38] 🔄 Sincronizando /home/antonio/.hermes/ → /home/antonio/Config/hermes/sesion-hermes/
[30/09/2026 20:14:38] ✅ Archivos sincronizados
[30/09/2026 20:14:38] 📦 Regenerando tarball de backup...
[30/09/2026 20:14:40] ✅ Backup regenerado: ✅ Tarball creado (1,1M): /home/antonio/Config/hermes/backups/hermes/hermes-backup-20260930-201438.tar.gz
[30/09/2026 20:14:40] ─────────────────────────────────────
[30/09/2026 20:45:30] 🔄 Sincronizando /home/antonio/.hermes/ → /home/antonio/Config/hermes/sesion-hermes/
[30/09/2026 20:45:30] ✅ Archivos sincronizados
[30/09/2026 20:45:30] 📦 Regenerando tarball de backup...
[30/09/2026 20:45:32] ✅ Backup regenerado: ✅ Tarball creado (1,1M): /home/antonio/Config/hermes/backups/hermes/hermes-backup-20260930-204530.tar.gz
[30/09/2026 20:45:32] ─────────────────────────────────────
[30/09/2026 21:15:38] 🔄 Sincronizando /home/antonio/.hermes/ → /home/antonio/Config/hermes/sesion-hermes/
[30/09/2026 21:15:38] ✅ Archivos sincronizados
[30/09/2026 21:15:38] 📦 Regenerando tarball de backup...
[30/09/2026 21:15:40] ✅ Backup regenerado: ✅ Tarball creado (1,1M): /home/antonio/Config/hermes/backups/hermes/hermes-backup-20260930-211538.tar.gz
[30/09/2026 21:15:40] ─────────────────────────────────────
[30/09/2026 21:46:30] 🔄 Sincronizando /home/antonio/.hermes/ → /home/antonio/Config/hermes/sesion-hermes/
[30/09/2026 21:46:30] ✅ Archivos sincronizados
[30/09/2026 21:46:30] 📦 Regenerando tarball de backup...
[30/09/2026 21:46:32] ✅ Backup regenerado: ✅ Tarball creado (1,1M): /home/antonio/Config/hermes/backups/hermes/hermes-backup-20260930-214630.tar.gz
[30/09/2026 21:46:32] ─────────────────────────────────────
[30/09/2026 22:16:38] 🔄 Sincronizando /home/antonio/.hermes/ → /home/antonio/Config/hermes/sesion-hermes/
[30/09/2026 22:16:38] ✅ Archivos sincronizados
[30/09/2026 22:16:38] 📦 Regenerando tarball de backup...
[30/09/2026 22:16:40] ✅ Backup regenerado: ✅ Tarball creado (1,1M): /home/antonio/Config/hermes/backups/hermes/hermes-backup-20260930-221638.tar.gz
[30/09/2026 22:16:40] ─────────────────────────────────────
[30/09/2026 22:47:06] 🔄 Sincronizando /home/antonio/.hermes/ → /home/antonio/Config/hermes/sesion-hermes/
[30/09/2026 22:47:07] ✅ Archivos sincronizados
[30/09/2026 22:47:07] 📦 Regenerando tarball de backup...
[30/09/2026 22:47:08] ✅ Backup regenerado: ✅ Tarball creado (1,1M): /home/antonio/Config/hermes/backups/hermes/hermes-backup-20260930-224707.tar.gz
[30/09/2026 22:47:08] ─────────────────────────────────────
[30/09/2026 23:17:30] 🔄 Sincronizando /home/antonio/.hermes/ → /home/antonio/Config/hermes/sesion-hermes/
[30/09/2026 23:17:30] ✅ Archivos sincronizados
[30/09/2026 23:17:31] 📦 Regenerando tarball de backup...
[30/09/2026 23:17:32] ✅ Backup regenerado: ✅ Tarball creado (1,1M): /home/antonio/Config/hermes/backups/hermes/hermes-backup-20260930-231731.tar.gz
[30/09/2026 23:17:32] ─────────────────────────────────────
[30/09/2026 23:47:32] 🔄 Sincronizando /home/antonio/.hermes/ → /home/antonio/Config/hermes/sesion-hermes/
[30/09/2026 23:47:33] ✅ Archivos sincronizados
[30/09/2026 23:47:33] 📦 Regenerando tarball de backup...
[30/09/2026 23:47:34] ✅ Backup regenerado: ✅ Tarball creado (1,1M): /home/antonio/Config/hermes/backups/hermes/hermes-backup-20260930-234733.tar.gz
[30/09/2026 23:47:34] ─────────────────────────────────────
[01/10/2026 00:17:38] 🔄 Sincronizando /home/antonio/.hermes/ → /home/antonio/Config/hermes/sesion-hermes/
[01/10/2026 00:17:38] ✅ Archivos sincronizados
[01/10/2026 00:17:38] 📦 Regenerando tarball de backup...
[01/10/2026 00:17:40] ✅ Backup regenerado: ✅ Tarball creado (1,3M): /home/antonio/Config/hermes/backups/hermes/hermes-backup-20261001-001738.tar.gz
[01/10/2026 00:17:40] ─────────────────────────────────────
[01/10/2026 00:47:38] 🔄 Sincronizando /home/antonio/.hermes/ → /home/antonio/Config/hermes/sesion-hermes/
[01/10/2026 00:47:38] ✅ Archivos sincronizados
[01/10/2026 00:47:38] 📦 Regenerando tarball de backup...
[01/10/2026 00:47:40] ✅ Backup regenerado: ✅ Tarball creado (1,3M): /home/antonio/Config/hermes/backups/hermes/hermes-backup-20261001-004738.tar.gz
[01/10/2026 00:47:40] ─────────────────────────────────────
[01/10/2026 01:18:30] 🔄 Sincronizando /home/antonio/.hermes/ → /home/antonio/Config/hermes/sesion-hermes/
[01/10/2026 01:18:31] ✅ Archivos sincronizados
[01/10/2026 01:18:31] 📦 Regenerando tarball de backup...
[01/10/2026 01:18:33] ✅ Backup regenerado: ✅ Tarball creado (1,3M): /home/antonio/Config/hermes/backups/hermes/hermes-backup-20261001-011831.tar.gz
[01/10/2026 01:18:33] ─────────────────────────────────────
[01/10/2026 01:48:34] 🔄 Sincronizando /home/antonio/.hermes/ → /home/antonio/Config/hermes/sesion-hermes/
[01/10/2026 01:48:34] ✅ Archivos sincronizados
[01/10/2026 01:48:34] 📦 Regenerando tarball de backup...
[01/10/2026 01:48:36] ✅ Backup regenerado: ✅ Tarball creado (1,3M): /home/antonio/Config/hermes/backups/hermes/hermes-backup-20261001-014834.tar.gz
[01/10/2026 01:48:36] ─────────────────────────────────────
[01/10/2026 02:18:38] 🔄 Sincronizando /home/antonio/.hermes/ → /home/antonio/Config/hermes/sesion-hermes/
[01/10/2026 02:18:38] ✅ Archivos sincronizados
[01/10/2026 02:18:38] 📦 Regenerando tarball de backup...
[01/10/2026 02:18:40] ✅ Backup regenerado: ✅ Tarball creado (1,3M): /home/antonio/Config/hermes/backups/hermes/hermes-backup-20261001-021838.tar.gz
[01/10/2026 02:18:40] ─────────────────────────────────────
[01/10/2026 02:49:05] 🔄 Sincronizando /home/antonio/.hermes/ → /home/antonio/Config/hermes/sesion-hermes/
[01/10/2026 02:49:05] ✅ Archivos sincronizados
[01/10/2026 02:49:05] 📦 Regenerando tarball de backup...
[01/10/2026 02:49:07] ✅ Backup regenerado: ✅ Tarball creado (1,3M): /home/antonio/Config/hermes/backups/hermes/hermes-backup-20261001-024905.tar.gz
[01/10/2026 02:49:07] ─────────────────────────────────────
[01/10/2026 03:19:30] 🔄 Sincronizando /home/antonio/.hermes/ → /home/antonio/Config/hermes/sesion-hermes/
[01/10/2026 03:19:30] ✅ Archivos sincronizados
[01/10/2026 03:19:30] 📦 Regenerando tarball de backup...
[01/10/2026 03:19:32] ✅ Backup regenerado: ✅ Tarball creado (1,3M): /home/antonio/Config/hermes/backups/hermes/hermes-backup-20261001-031930.tar.gz
[01/10/2026 03:19:32] ─────────────────────────────────────
[01/10/2026 03:49:38] 🔄 Sincronizando /home/antonio/.hermes/ → /home/antonio/Config/hermes/sesion-hermes/
[01/10/2026 03:49:38] ✅ Archivos sincronizados
[01/10/2026 03:49:38] 📦 Regenerando tarball de backup...
[01/10/2026 03:49:40] ✅ Backup regenerado: ✅ Tarball creado (1,3M): /home/antonio/Config/hermes/backups/hermes/hermes-backup-20261001-034938.tar.gz
[01/10/2026 03:49:40] ─────────────────────────────────────
[01/10/2026 04:20:00] 🔄 Sincronizando /home/antonio/.hermes/ → /home/antonio/Config/hermes/sesion-hermes/
[01/10/2026 04:20:00] ✅ Archivos sincronizados
[01/10/2026 04:20:00] 📦 Regenerando tarball de backup...
[01/10/2026 04:20:02] ✅ Backup regenerado: ✅ Tarball creado (1,3M): /home/antonio/Config/hermes/backups/hermes/hermes-backup-20261001-042000.tar.gz
[01/10/2026 04:20:02] ─────────────────────────────────────
[01/10/2026 04:50:30] 🔄 Sincronizando /home/antonio/.hermes/ → /home/antonio/Config/hermes/sesion-hermes/
[01/10/2026 04:50:30] ✅ Archivos sincronizados
[01/10/2026 04:50:30] 📦 Regenerando tarball de backup...
[01/10/2026 04:50:32] ✅ Backup regenerado: ✅ Tarball creado (1,3M): /home/antonio/Config/hermes/backups/hermes/hermes-backup-20261001-045030.tar.gz
[01/10/2026 04:50:32] ─────────────────────────────────────
[01/10/2026 05:20:38] 🔄 Sincronizando /home/antonio/.hermes/ → /home/antonio/Config/hermes/sesion-hermes/
[01/10/2026 05:20:38] ✅ Archivos sincronizados
[01/10/2026 05:20:38] 📦 Regenerando tarball de backup...
[01/10/2026 05:20:40] ✅ Backup regenerado: ✅ Tarball creado (1,3M): /home/antonio/Config/hermes/backups/hermes/hermes-backup-20261001-052038.tar.gz
[01/10/2026 05:20:40] ─────────────────────────────────────
[01/10/2026 05:51:30] 🔄 Sincronizando /home/antonio/.hermes/ → /home/antonio/Config/hermes/sesion-hermes/
[01/10/2026 05:51:30] ✅ Archivos sincronizados
[01/10/2026 05:51:30] 📦 Regenerando tarball de backup...
[01/10/2026 05:51:32] ✅ Backup regenerado: ✅ Tarball creado (1,3M): /home/antonio/Config/hermes/backups/hermes/hermes-backup-20261001-055130.tar.gz
[01/10/2026 05:51:32] ─────────────────────────────────────
[01/10/2026 06:21:38] 🔄 Sincronizando /home/antonio/.hermes/ → /home/antonio/Config/hermes/sesion-hermes/
[01/10/2026 06:21:38] ✅ Archivos sincronizados
[01/10/2026 06:21:38] 📦 Regenerando tarball de backup...
[01/10/2026 06:21:40] ✅ Backup regenerado: ✅ Tarball creado (1,3M): /home/antonio/Config/hermes/backups/hermes/hermes-backup-20261001-062138.tar.gz
[01/10/2026 06:21:40] ─────────────────────────────────────
[01/10/2026 06:51:38] 🔄 Sincronizando /home/antonio/.hermes/ → /home/antonio/Config/hermes/sesion-hermes/
[01/10/2026 06:51:38] ✅ Archivos sincronizados
[01/10/2026 06:51:38] 📦 Regenerando tarball de backup...
[01/10/2026 06:51:40] ✅ Backup regenerado: ✅ Tarball creado (1,3M): /home/antonio/Config/hermes/backups/hermes/hermes-backup-20261001-065138.tar.gz
[01/10/2026 06:51:40] ─────────────────────────────────────
[01/10/2026 12:06:13] 🔄 Sincronizando /home/antonio/.hermes/ → /home/antonio/Config/hermes/sesion-hermes/
[01/10/2026 12:06:13] ✅ Archivos sincronizados
[01/10/2026 12:06:13] 📦 Regenerando tarball de backup...
[01/10/2026 12:06:15] ✅ Backup regenerado: ✅ Tarball creado (1,3M): /home/antonio/Config/hermes/backups/hermes/hermes-backup-20261001-120613.tar.gz
[01/10/2026 12:06:15] ─────────────────────────────────────
[01/10/2026 12:36:39] 🔄 Sincronizando /home/antonio/.hermes/ → /home/antonio/Config/hermes/sesion-hermes/
[01/10/2026 12:36:39] ✅ Archivos sincronizados
[01/10/2026 12:36:39] 📦 Regenerando tarball de backup...
[01/10/2026 12:36:40] ✅ Backup regenerado: ✅ Tarball creado (1,3M): /home/antonio/Config/hermes/backups/hermes/hermes-backup-20261001-123639.tar.gz
[01/10/2026 12:36:40] ─────────────────────────────────────
[01/10/2026 13:07:06] 🔄 Sincronizando /home/antonio/.hermes/ → /home/antonio/Config/hermes/sesion-hermes/
[01/10/2026 13:07:06] ✅ Archivos sincronizados
[01/10/2026 13:07:06] 📦 Regenerando tarball de backup...
[01/10/2026 13:07:08] ✅ Backup regenerado: ✅ Tarball creado (1,3M): /home/antonio/Config/hermes/backups/hermes/hermes-backup-20261001-130706.tar.gz
[01/10/2026 13:07:08] ─────────────────────────────────────
[01/10/2026 13:37:13] 🔄 Sincronizando /home/antonio/.hermes/ → /home/antonio/Config/hermes/sesion-hermes/
[01/10/2026 13:37:13] ✅ Archivos sincronizados
[01/10/2026 13:37:13] 📦 Regenerando tarball de backup...
[01/10/2026 13:37:15] ✅ Backup regenerado: ✅ Tarball creado (1,3M): /home/antonio/Config/hermes/backups/hermes/hermes-backup-20261001-133713.tar.gz
[01/10/2026 13:37:15] ─────────────────────────────────────
[01/10/2026 14:07:39] 🔄 Sincronizando /home/antonio/.hermes/ → /home/antonio/Config/hermes/sesion-hermes/
[01/10/2026 14:07:39] ✅ Archivos sincronizados
[01/10/2026 14:07:39] 📦 Regenerando tarball de backup...
[01/10/2026 14:07:40] ✅ Backup regenerado: ✅ Tarball creado (1,3M): /home/antonio/Config/hermes/backups/hermes/hermes-backup-20261001-140739.tar.gz
[01/10/2026 14:07:40] ─────────────────────────────────────
[01/10/2026 14:38:13] 🔄 Sincronizando /home/antonio/.hermes/ → /home/antonio/Config/hermes/sesion-hermes/
[01/10/2026 14:38:13] ✅ Archivos sincronizados
[01/10/2026 14:38:13] 📦 Regenerando tarball de backup...
[01/10/2026 14:38:15] ✅ Backup regenerado: ✅ Tarball creado (1,3M): /home/antonio/Config/hermes/backups/hermes/hermes-backup-20261001-143813.tar.gz
[01/10/2026 14:38:15] ─────────────────────────────────────
[01/10/2026 15:08:39] 🔄 Sincronizando /home/antonio/.hermes/ → /home/antonio/Config/hermes/sesion-hermes/
[01/10/2026 15:08:39] ✅ Archivos sincronizados
[01/10/2026 15:08:39] 📦 Regenerando tarball de backup...
[01/10/2026 15:08:40] ✅ Backup regenerado: ✅ Tarball creado (1,3M): /home/antonio/Config/hermes/backups/hermes/hermes-backup-20261001-150839.tar.gz
[01/10/2026 15:08:40] ─────────────────────────────────────
[02/10/2026 11:55:27] 🔄 Sincronizando /home/antonio/.hermes/ → /home/antonio/Config/hermes/sesion-hermes/
[02/10/2026 11:55:27] ✅ Archivos sincronizados
[02/10/2026 11:55:27] 📦 Regenerando tarball de backup...
[02/10/2026 11:55:29] ✅ Backup regenerado: ✅ Tarball creado (1,3M): /home/antonio/Config/hermes/backups/hermes/hermes-backup-20261002-115527.tar.gz
[02/10/2026 11:55:29] ─────────────────────────────────────
[02/10/2026 12:26:01] 🔄 Sincronizando /home/antonio/.hermes/ → /home/antonio/Config/hermes/sesion-hermes/
[02/10/2026 12:26:01] ✅ Archivos sincronizados
[02/10/2026 12:26:01] 📦 Regenerando tarball de backup...
[02/10/2026 12:26:02] ✅ Backup regenerado: ✅ Tarball creado (1,3M): /home/antonio/Config/hermes/backups/hermes/hermes-backup-20261002-122601.tar.gz
[02/10/2026 12:26:02] ─────────────────────────────────────
[02/10/2026 12:56:27] 🔄 Sincronizando /home/antonio/.hermes/ → /home/antonio/Config/hermes/sesion-hermes/
[02/10/2026 12:56:27] ✅ Archivos sincronizados
[02/10/2026 12:56:27] 📦 Regenerando tarball de backup...
[02/10/2026 12:56:29] ✅ Backup regenerado: ✅ Tarball creado (1,3M): /home/antonio/Config/hermes/backups/hermes/hermes-backup-20261002-125627.tar.gz
[02/10/2026 12:56:29] ─────────────────────────────────────
[02/10/2026 13:27:00] 🔄 Sincronizando /home/antonio/.hermes/ → /home/antonio/Config/hermes/sesion-hermes/
[02/10/2026 13:27:01] ✅ Archivos sincronizados
[02/10/2026 13:27:01] 📦 Regenerando tarball de backup...
[02/10/2026 13:27:02] ✅ Backup regenerado: ✅ Tarball creado (1,3M): /home/antonio/Config/hermes/backups/hermes/hermes-backup-20261002-132701.tar.gz
[02/10/2026 13:27:02] ─────────────────────────────────────
[02/10/2026 13:57:00] 🔄 Sincronizando /home/antonio/.hermes/ → /home/antonio/Config/hermes/sesion-hermes/
[02/10/2026 13:57:01] ✅ Archivos sincronizados
[02/10/2026 13:57:01] 📦 Regenerando tarball de backup...
[02/10/2026 13:57:02] ✅ Backup regenerado: ✅ Tarball creado (1,3M): /home/antonio/Config/hermes/backups/hermes/hermes-backup-20261002-135701.tar.gz
[02/10/2026 13:57:02] ─────────────────────────────────────
[02/10/2026 18:43:01] 🔄 Sincronizando /home/antonio/.hermes/ → /home/antonio/Config/hermes/sesion-hermes/
[02/10/2026 18:43:01] ✅ Archivos sincronizados
[02/10/2026 18:43:01] 📦 Regenerando tarball de backup...
[02/10/2026 18:43:03] ✅ Backup regenerado: ✅ Tarball creado (1,3M): /home/antonio/Config/hermes/backups/hermes/hermes-backup-20261002-184301.tar.gz
[02/10/2026 18:43:03] ─────────────────────────────────────
[02/10/2026 19:13:32] 🔄 Sincronizando /home/antonio/.hermes/ → /home/antonio/Config/hermes/sesion-hermes/
[02/10/2026 19:13:32] ✅ Archivos sincronizados
[02/10/2026 19:13:32] 📦 Regenerando tarball de backup...
[02/10/2026 19:13:33] ✅ Backup regenerado: ✅ Tarball creado (1,3M): /home/antonio/Config/hermes/backups/hermes/hermes-backup-20261002-191332.tar.gz
[02/10/2026 19:13:33] ─────────────────────────────────────
[02/10/2026 19:43:33] 🔄 Sincronizando /home/antonio/.hermes/ → /home/antonio/Config/hermes/sesion-hermes/
[02/10/2026 19:43:33] ✅ Archivos sincronizados
[02/10/2026 19:43:33] 📦 Regenerando tarball de backup...
[02/10/2026 19:43:34] ✅ Backup regenerado: ✅ Tarball creado (1,3M): /home/antonio/Config/hermes/backups/hermes/hermes-backup-20261002-194333.tar.gz
[02/10/2026 19:43:34] ─────────────────────────────────────
[02/10/2026 20:14:01] 🔄 Sincronizando /home/antonio/.hermes/ → /home/antonio/Config/hermes/sesion-hermes/
[02/10/2026 20:14:01] ✅ Archivos sincronizados
[02/10/2026 20:14:01] 📦 Regenerando tarball de backup...
[02/10/2026 20:14:02] ✅ Backup regenerado: ✅ Tarball creado (1,3M): /home/antonio/Config/hermes/backups/hermes/hermes-backup-20261002-201401.tar.gz
[02/10/2026 20:14:02] ─────────────────────────────────────
[03/10/2026 11:07:32] 🔄 Sincronizando /home/antonio/.hermes/ → /home/antonio/Config/hermes/sesion-hermes/
[03/10/2026 11:07:32] ✅ Archivos sincronizados
[03/10/2026 11:07:32] 📦 Regenerando tarball de backup...
[03/10/2026 11:07:33] ✅ Backup regenerado: ✅ Tarball creado (1,3M): /home/antonio/Config/hermes/backups/hermes/hermes-backup-20261003-110732.tar.gz
[03/10/2026 11:07:33] ─────────────────────────────────────
[05/10/2026 11:32:35] 🔄 Sincronizando /home/antonio/.hermes/ → /home/antonio/Config/hermes/sesion-hermes/
[05/10/2026 11:32:35] ✅ Archivos sincronizados
[05/10/2026 11:32:35] 📦 Regenerando tarball de backup...
[05/10/2026 11:32:37] ✅ Backup regenerado: ✅ Tarball creado (1,3M): /home/antonio/Config/hermes/backups/hermes/hermes-backup-20261005-113235.tar.gz
[05/10/2026 11:32:37] ─────────────────────────────────────
[05/10/2026 11:39:31] 🔄 Sincronizando /home/antonio/.hermes/ → /home/antonio/Config/hermes/sesion-hermes/
[05/10/2026 11:39:31] ✅ Archivos sincronizados
[05/10/2026 11:39:31] 📦 Regenerando tarball de backup...
[05/10/2026 11:39:33] ✅ Backup regenerado: ✅ Tarball creado (1,3M): /home/antonio/Config/hermes/backups/hermes/hermes-backup-20261005-113931.tar.gz
[05/10/2026 11:39:33] ─────────────────────────────────────
[05/10/2026 11:41:13] 🔄 Sincronizando /home/antonio/.hermes/ → /home/antonio/Config/hermes/sesion-hermes/
[05/10/2026 11:41:14] ✅ Archivos sincronizados
[05/10/2026 11:41:14] 📦 Regenerando tarball de backup...
[05/10/2026 11:41:15] ✅ Backup regenerado: ✅ Tarball creado (1,3M): /home/antonio/Config/hermes/backups/hermes/hermes-backup-20261005-114114.tar.gz
[05/10/2026 11:41:15] ─────────────────────────────────────
[05/10/2026 12:09:51] 🔄 Sincronizando /home/antonio/.hermes/ → /home/antonio/Config/hermes/sesion-hermes/
[05/10/2026 12:09:51] ✅ Archivos sincronizados
[05/10/2026 12:09:51] 📦 Regenerando tarball de backup...
[05/10/2026 12:09:53] ✅ Backup regenerado: ✅ Tarball creado (1,3M): /home/antonio/Config/hermes/backups/hermes/hermes-backup-20261005-120951.tar.gz
[05/10/2026 12:09:53] ─────────────────────────────────────
[05/10/2026 13:03:34] 🔄 Sincronizando /home/antonio/.hermes/ → /home/antonio/Config/hermes/sesion-hermes/
[05/10/2026 13:03:35] ✅ Archivos sincronizados
[05/10/2026 13:03:35] 📦 Regenerando tarball de backup...
[05/10/2026 13:03:36] ✅ Backup regenerado: ✅ Tarball creado (1,3M): /home/antonio/Config/hermes/backups/hermes/hermes-backup-20261005-130335.tar.gz
[05/10/2026 13:03:36] ─────────────────────────────────────
[05/10/2026 13:33:39] 🔄 Sincronizando /home/antonio/.hermes/ → /home/antonio/Config/hermes/sesion-hermes/
[05/10/2026 13:33:39] ✅ Archivos sincronizados
[05/10/2026 13:33:39] 📦 Regenerando tarball de backup...
[05/10/2026 13:33:41] ✅ Backup regenerado: ✅ Tarball creado (1,3M): /home/antonio/Config/hermes/backups/hermes/hermes-backup-20261005-133339.tar.gz
[05/10/2026 13:33:41] ─────────────────────────────────────
[05/10/2026 14:04:33] 🔄 Sincronizando /home/antonio/.hermes/ → /home/antonio/Config/hermes/sesion-hermes/
[05/10/2026 14:04:33] ✅ Archivos sincronizados
[05/10/2026 14:04:33] 📦 Regenerando tarball de backup...
[05/10/2026 14:04:35] ✅ Backup regenerado: ✅ Tarball creado (1,3M): /home/antonio/Config/hermes/backups/hermes/hermes-backup-20261005-140433.tar.gz
[05/10/2026 14:04:35] ─────────────────────────────────────
[05/10/2026 14:34:34] 🔄 Sincronizando /home/antonio/.hermes/ → /home/antonio/Config/hermes/sesion-hermes/
[05/10/2026 14:34:35] ✅ Archivos sincronizados
[05/10/2026 14:34:35] 📦 Regenerando tarball de backup...
[05/10/2026 14:34:36] ✅ Backup regenerado: ✅ Tarball creado (1,3M): /home/antonio/Config/hermes/backups/hermes/hermes-backup-20261005-143435.tar.gz
[05/10/2026 14:34:36] ─────────────────────────────────────
[05/10/2026 15:04:39] 🔄 Sincronizando /home/antonio/.hermes/ → /home/antonio/Config/hermes/sesion-hermes/
[05/10/2026 15:04:39] ✅ Archivos sincronizados
[05/10/2026 15:04:39] 📦 Regenerando tarball de backup...
[05/10/2026 15:04:41] ✅ Backup regenerado: ✅ Tarball creado (1,3M): /home/antonio/Config/hermes/backups/hermes/hermes-backup-20261005-150439.tar.gz
[05/10/2026 15:04:41] ─────────────────────────────────────
[05/10/2026 17:20:26] 🔄 Sincronizando /home/antonio/.hermes/ → /home/antonio/Config/hermes/sesion-hermes/
[05/10/2026 17:20:26] ✅ Archivos sincronizados
[05/10/2026 17:20:26] 📦 Regenerando tarball de backup...
[05/10/2026 17:20:28] ✅ Backup regenerado: ✅ Tarball creado (1,3M): /home/antonio/Config/hermes/backups/hermes/hermes-backup-20261005-172026.tar.gz
[05/10/2026 17:20:28] ─────────────────────────────────────
[06/10/2026 07:22:46] 🔄 Sincronizando /home/antonio/.hermes/ → /home/antonio/Config/hermes/sesion-hermes/
[06/10/2026 07:22:46] ✅ Archivos sincronizados
[06/10/2026 07:22:46] 📦 Regenerando tarball de backup...
[06/10/2026 07:22:48] ✅ Backup regenerado: ✅ Tarball creado (1,4M): /home/antonio/Config/hermes/backups/hermes/hermes-backup-20261006-072246.tar.gz
[06/10/2026 07:22:48] ─────────────────────────────────────
[06/10/2026 07:52:46] 🔄 Sincronizando /home/antonio/.hermes/ → /home/antonio/Config/hermes/sesion-hermes/
[06/10/2026 07:52:46] ✅ Archivos sincronizados
[06/10/2026 07:52:46] 📦 Regenerando tarball de backup...
[06/10/2026 07:52:48] ✅ Backup regenerado: ✅ Tarball creado (1,4M): /home/antonio/Config/hermes/backups/hermes/hermes-backup-20261006-075246.tar.gz
[06/10/2026 07:52:48] ─────────────────────────────────────
[06/10/2026 14:23:00] 🔄 Sincronizando /home/antonio/.hermes/ → /home/antonio/Config/hermes/sesion-hermes/
[06/10/2026 14:23:00] ✅ Archivos sincronizados
[06/10/2026 14:23:00] 📦 Regenerando tarball de backup...
[06/10/2026 14:23:02] ✅ Backup regenerado: ✅ Tarball creado (1,4M): /home/antonio/Config/hermes/backups/hermes/hermes-backup-20261006-142300.tar.gz
[06/10/2026 14:23:02] ─────────────────────────────────────
[06/10/2026 14:53:00] 🔄 Sincronizando /home/antonio/.hermes/ → /home/antonio/Config/hermes/sesion-hermes/
[06/10/2026 14:53:00] ✅ Archivos sincronizados
[06/10/2026 14:53:00] 📦 Regenerando tarball de backup...
[06/10/2026 14:53:02] ✅ Backup regenerado: ✅ Tarball creado (1,4M): /home/antonio/Config/hermes/backups/hermes/hermes-backup-20261006-145300.tar.gz
[06/10/2026 14:53:02] ─────────────────────────────────────
[06/10/2026 15:23:00] 🔄 Sincronizando /home/antonio/.hermes/ → /home/antonio/Config/hermes/sesion-hermes/
[06/10/2026 15:23:00] ✅ Archivos sincronizados
[06/10/2026 15:23:00] 📦 Regenerando tarball de backup...
[06/10/2026 15:23:02] ✅ Backup regenerado: ✅ Tarball creado (1,4M): /home/antonio/Config/hermes/backups/hermes/hermes-backup-20261006-152300.tar.gz
[06/10/2026 15:23:02] ─────────────────────────────────────
[07/10/2026 17:52:49] 🔄 Sincronizando /home/antonio/.hermes/ → /home/antonio/Config/hermes/sesion-hermes/
[07/10/2026 17:52:49] ✅ Archivos sincronizados
[07/10/2026 17:52:49] 📦 Regenerando tarball de backup...
[07/10/2026 17:52:50] ❌ FALLO al regenerar el backup (ver /tmp/hermes-backup-last.log)
🔄 Refrescando respaldo canónico en sesion-hermes/...
📦 Copiando configuración desde /home/antonio/.hermes/...
rsync: [sender] opendir "/home/antonio/.hermes/hooks/encargos-linux" failed: Permission denied (13)
IO error encountered -- skipping file deletion
rsync error: some files/attrs were not transferred (see previous errors) (code 23) at main.c(1412) [sender=3.5.1-g04355d27]
[07/10/2026 18:17:02] 🔄 Sincronizando /home/antonio/.hermes/ → /home/antonio/Config/hermes/sesion-hermes/
[07/10/2026 18:17:02] ✅ Archivos sincronizados
[07/10/2026 18:17:02] 📦 Regenerando tarball de backup...
[07/10/2026 18:17:04] ✅ Backup regenerado: ✅ Tarball creado (1,3M): /home/antonio/Config/hermes/backups/hermes/hermes-backup-20261007-181702.tar.gz
[07/10/2026 18:17:04] ─────────────────────────────────────
[07/10/2026 18:22:42] 🔄 Sincronizando /home/antonio/.hermes/ → /home/antonio/Config/hermes/sesion-hermes/
[07/10/2026 18:22:42] ✅ Archivos sincronizados
[07/10/2026 18:22:42] 📦 Regenerando tarball de backup...
[07/10/2026 18:22:44] ✅ Backup regenerado: ✅ Tarball creado (1,3M): /home/antonio/Config/hermes/backups/hermes/hermes-backup-20261007-182242.tar.gz
[07/10/2026 18:22:44] ─────────────────────────────────────
[07/10/2026 18:23:49] 🔄 Sincronizando /home/antonio/.hermes/ → /home/antonio/Config/hermes/sesion-hermes/
[07/10/2026 18:23:49] ✅ Archivos sincronizados
[07/10/2026 18:23:49] 📦 Regenerando tarball de backup...
[07/10/2026 18:23:51] ✅ Backup regenerado: ✅ Tarball creado (1,3M): /home/antonio/Config/hermes/backups/hermes/hermes-backup-20261007-182349.tar.gz
[07/10/2026 18:23:51] ─────────────────────────────────────
[07/10/2026 18:27:31] 🔄 Sincronizando /home/antonio/.hermes/ → /home/antonio/Config/hermes/sesion-hermes/
[07/10/2026 18:27:31] ✅ Archivos sincronizados
[07/10/2026 18:27:31] 📦 Regenerando tarball de backup...
[07/10/2026 18:27:33] ✅ Backup regenerado: ✅ Tarball creado (1,3M): /home/antonio/Config/hermes/backups/hermes/hermes-backup-20261007-182731.tar.gz
[07/10/2026 18:27:33] ─────────────────────────────────────
[07/10/2026 18:48:47] 🔄 Sincronizando /home/antonio/.hermes/ → /home/antonio/Config/hermes/sesion-hermes/
[07/10/2026 18:48:47] ✅ Archivos sincronizados
[07/10/2026 18:48:47] 📦 Regenerando tarball de backup...
[07/10/2026 18:48:48] ✅ Backup regenerado: ✅ Tarball creado (1,3M): /home/antonio/Config/hermes/backups/hermes/hermes-backup-20261007-184847.tar.gz
[07/10/2026 18:48:48] ─────────────────────────────────────
[07/10/2026 19:19:07] 🔄 Sincronizando /home/antonio/.hermes/ → /home/antonio/Config/hermes/sesion-hermes/
[07/10/2026 19:19:07] ✅ Archivos sincronizados
[07/10/2026 19:19:07] 📦 Regenerando tarball de backup...
[07/10/2026 19:19:09] ✅ Backup regenerado: ✅ Tarball creado (1,3M): /home/antonio/Config/hermes/backups/hermes/hermes-backup-20261007-191907.tar.gz
[07/10/2026 19:19:09] ─────────────────────────────────────
[07/10/2026 19:49:19] 🔄 Sincronizando /home/antonio/.hermes/ → /home/antonio/Config/hermes/sesion-hermes/
[07/10/2026 19:49:19] ✅ Archivos sincronizados
[07/10/2026 19:49:19] 📦 Regenerando tarball de backup...
[07/10/2026 19:49:21] ✅ Backup regenerado: ✅ Tarball creado (1,3M): /home/antonio/Config/hermes/backups/hermes/hermes-backup-20261007-194919.tar.gz
[07/10/2026 19:49:21] ─────────────────────────────────────
[07/10/2026 20:19:31] 🔄 Sincronizando /home/antonio/.hermes/ → /home/antonio/Config/hermes/sesion-hermes/
[07/10/2026 20:19:31] ✅ Archivos sincronizados
[07/10/2026 20:19:31] 📦 Regenerando tarball de backup...
[07/10/2026 20:19:33] ✅ Backup regenerado: ✅ Tarball creado (1,3M): /home/antonio/Config/hermes/backups/hermes/hermes-backup-20261007-201931.tar.gz
[07/10/2026 20:19:33] ─────────────────────────────────────
[09/10/2026 11:22:44] 🔄 Sincronizando /home/antonio/.hermes/ → /home/antonio/Config/hermes/sesion-hermes/
[09/10/2026 11:22:44] ✅ Archivos sincronizados
[09/10/2026 11:22:44] 📦 Regenerando tarball de backup...
[09/10/2026 11:22:46] ✅ Backup regenerado: ✅ Tarball creado (1,3M): /home/antonio/Config/hermes/backups/hermes/hermes-backup-20261009-112244.tar.gz
[09/10/2026 11:22:46] ─────────────────────────────────────
[09/10/2026 11:49:56] 🔄 Sincronizando /home/antonio/.hermes/ → /home/antonio/Config/hermes/sesion-hermes/
[09/10/2026 11:49:56] ✅ Archivos sincronizados
[09/10/2026 11:49:56] 📦 Regenerando tarball de backup...
[09/10/2026 11:49:58] ✅ Backup regenerado: ✅ Tarball creado (1,3M): /home/antonio/Config/hermes/backups/hermes/hermes-backup-20261009-114956.tar.gz
[09/10/2026 11:49:58] ─────────────────────────────────────
[09/10/2026 12:20:02] 🔄 Sincronizando /home/antonio/.hermes/ → /home/antonio/Config/hermes/sesion-hermes/
[09/10/2026 12:20:02] ✅ Archivos sincronizados
[09/10/2026 12:20:02] 📦 Regenerando tarball de backup...
[09/10/2026 12:20:04] ✅ Backup regenerado: ✅ Tarball creado (1,3M): /home/antonio/Config/hermes/backups/hermes/hermes-backup-20261009-122002.tar.gz
[09/10/2026 12:20:04] ─────────────────────────────────────
[09/10/2026 12:50:02] 🔄 Sincronizando /home/antonio/.hermes/ → /home/antonio/Config/hermes/sesion-hermes/
[09/10/2026 12:50:02] ✅ Archivos sincronizados
[09/10/2026 12:50:02] 📦 Regenerando tarball de backup...
[09/10/2026 12:50:04] ✅ Backup regenerado: ✅ Tarball creado (1,3M): /home/antonio/Config/hermes/backups/hermes/hermes-backup-20261009-125002.tar.gz
[09/10/2026 12:50:04] ─────────────────────────────────────
[09/10/2026 13:20:56] 🔄 Sincronizando /home/antonio/.hermes/ → /home/antonio/Config/hermes/sesion-hermes/
[09/10/2026 13:20:56] ✅ Archivos sincronizados
[09/10/2026 13:20:56] 📦 Regenerando tarball de backup...
[09/10/2026 13:20:58] ✅ Backup regenerado: ✅ Tarball creado (1,3M): /home/antonio/Config/hermes/backups/hermes/hermes-backup-20261009-132056.tar.gz
[09/10/2026 13:20:58] ─────────────────────────────────────
[09/10/2026 13:51:02] 🔄 Sincronizando /home/antonio/.hermes/ → /home/antonio/Config/hermes/sesion-hermes/
[09/10/2026 13:51:02] ✅ Archivos sincronizados
[09/10/2026 13:51:02] 📦 Regenerando tarball de backup...
[09/10/2026 13:51:04] ✅ Backup regenerado: ✅ Tarball creado (1,3M): /home/antonio/Config/hermes/backups/hermes/hermes-backup-20261009-135102.tar.gz
[09/10/2026 13:51:04] ─────────────────────────────────────
[09/10/2026 14:21:56] 🔄 Sincronizando /home/antonio/.hermes/ → /home/antonio/Config/hermes/sesion-hermes/
[09/10/2026 14:21:56] ✅ Archivos sincronizados
[09/10/2026 14:21:56] 📦 Regenerando tarball de backup...
[09/10/2026 14:21:58] ✅ Backup regenerado: ✅ Tarball creado (1,3M): /home/antonio/Config/hermes/backups/hermes/hermes-backup-20261009-142156.tar.gz
[09/10/2026 14:21:58] ─────────────────────────────────────
[09/10/2026 14:51:56] 🔄 Sincronizando /home/antonio/.hermes/ → /home/antonio/Config/hermes/sesion-hermes/
[09/10/2026 14:51:56] ✅ Archivos sincronizados
[09/10/2026 14:51:56] 📦 Regenerando tarball de backup...
[09/10/2026 14:51:58] ✅ Backup regenerado: ✅ Tarball creado (1,3M): /home/antonio/Config/hermes/backups/hermes/hermes-backup-20261009-145156.tar.gz
[09/10/2026 14:51:58] ─────────────────────────────────────
[09/10/2026 15:22:02] 🔄 Sincronizando /home/antonio/.hermes/ → /home/antonio/Config/hermes/sesion-hermes/
[09/10/2026 15:22:02] ✅ Archivos sincronizados
[09/10/2026 15:22:02] 📦 Regenerando tarball de backup...
[09/10/2026 15:22:04] ✅ Backup regenerado: ✅ Tarball creado (1,3M): /home/antonio/Config/hermes/backups/hermes/hermes-backup-20261009-152202.tar.gz
[09/10/2026 15:22:04] ─────────────────────────────────────
[09/10/2026 15:52:56] 🔄 Sincronizando /home/antonio/.hermes/ → /home/antonio/Config/hermes/sesion-hermes/
[09/10/2026 15:52:56] ✅ Archivos sincronizados
[09/10/2026 15:52:56] 📦 Regenerando tarball de backup...
[09/10/2026 15:52:58] ✅ Backup regenerado: ✅ Tarball creado (1,3M): /home/antonio/Config/hermes/backups/hermes/hermes-backup-20261009-155256.tar.gz
[09/10/2026 15:52:58] ─────────────────────────────────────
[09/10/2026 16:22:56] 🔄 Sincronizando /home/antonio/.hermes/ → /home/antonio/Config/hermes/sesion-hermes/
[09/10/2026 16:22:56] ✅ Archivos sincronizados
[09/10/2026 16:22:56] 📦 Regenerando tarball de backup...
[09/10/2026 16:22:58] ✅ Backup regenerado: ✅ Tarball creado (1,4M): /home/antonio/Config/hermes/backups/hermes/hermes-backup-20261009-162256.tar.gz
[09/10/2026 16:22:58] ─────────────────────────────────────
[09/10/2026 16:52:56] 🔄 Sincronizando /home/antonio/.hermes/ → /home/antonio/Config/hermes/sesion-hermes/
[09/10/2026 16:52:56] ✅ Archivos sincronizados
[09/10/2026 16:52:56] 📦 Regenerando tarball de backup...
[09/10/2026 16:52:58] ✅ Backup regenerado: ✅ Tarball creado (1,4M): /home/antonio/Config/hermes/backups/hermes/hermes-backup-20261009-165256.tar.gz
[09/10/2026 16:52:58] ─────────────────────────────────────
[09/10/2026 17:23:02] 🔄 Sincronizando /home/antonio/.hermes/ → /home/antonio/Config/hermes/sesion-hermes/
[09/10/2026 17:23:02] ✅ Archivos sincronizados
[09/10/2026 17:23:02] 📦 Regenerando tarball de backup...
[09/10/2026 17:23:04] ✅ Backup regenerado: ✅ Tarball creado (1,4M): /home/antonio/Config/hermes/backups/hermes/hermes-backup-20261009-172302.tar.gz
[09/10/2026 17:23:04] ─────────────────────────────────────
[09/10/2026 17:53:28] 🔄 Sincronizando /home/antonio/.hermes/ → /home/antonio/Config/hermes/sesion-hermes/
[09/10/2026 17:53:28] ✅ Archivos sincronizados
[09/10/2026 17:53:28] 📦 Regenerando tarball de backup...
[09/10/2026 17:53:30] ✅ Backup regenerado: ✅ Tarball creado (1,4M): /home/antonio/Config/hermes/backups/hermes/hermes-backup-20261009-175328.tar.gz
[09/10/2026 17:53:30] ─────────────────────────────────────
[09/10/2026 18:23:56] 🔄 Sincronizando /home/antonio/.hermes/ → /home/antonio/Config/hermes/sesion-hermes/
[09/10/2026 18:23:56] ✅ Archivos sincronizados
[09/10/2026 18:23:56] 📦 Regenerando tarball de backup...
[09/10/2026 18:23:58] ✅ Backup regenerado: ✅ Tarball creado (1,4M): /home/antonio/Config/hermes/backups/hermes/hermes-backup-20261009-182356.tar.gz
[09/10/2026 18:23:58] ─────────────────────────────────────
[09/10/2026 18:54:02] 🔄 Sincronizando /home/antonio/.hermes/ → /home/antonio/Config/hermes/sesion-hermes/
[09/10/2026 18:54:02] ✅ Archivos sincronizados
[09/10/2026 18:54:02] 📦 Regenerando tarball de backup...
[09/10/2026 18:54:04] ✅ Backup regenerado: ✅ Tarball creado (1,4M): /home/antonio/Config/hermes/backups/hermes/hermes-backup-20261009-185402.tar.gz
[09/10/2026 18:54:04] ─────────────────────────────────────
[09/10/2026 19:24:56] 🔄 Sincronizando /home/antonio/.hermes/ → /home/antonio/Config/hermes/sesion-hermes/
[09/10/2026 19:24:56] ✅ Archivos sincronizados
[09/10/2026 19:24:56] 📦 Regenerando tarball de backup...
[09/10/2026 19:24:58] ✅ Backup regenerado: ✅ Tarball creado (1,4M): /home/antonio/Config/hermes/backups/hermes/hermes-backup-20261009-192456.tar.gz
[09/10/2026 19:24:58] ─────────────────────────────────────
[09/10/2026 19:55:02] 🔄 Sincronizando /home/antonio/.hermes/ → /home/antonio/Config/hermes/sesion-hermes/
[09/10/2026 19:55:02] ✅ Archivos sincronizados
[09/10/2026 19:55:02] 📦 Regenerando tarball de backup...
[09/10/2026 19:55:04] ✅ Backup regenerado: ✅ Tarball creado (1,4M): /home/antonio/Config/hermes/backups/hermes/hermes-backup-20261009-195502.tar.gz
[09/10/2026 19:55:04] ─────────────────────────────────────
[09/10/2026 20:25:02] 🔄 Sincronizando /home/antonio/.hermes/ → /home/antonio/Config/hermes/sesion-hermes/
[09/10/2026 20:25:02] ✅ Archivos sincronizados
[09/10/2026 20:25:02] 📦 Regenerando tarball de backup...
[09/10/2026 20:25:04] ✅ Backup regenerado: ✅ Tarball creado (1,4M): /home/antonio/Config/hermes/backups/hermes/hermes-backup-20261009-202502.tar.gz
[09/10/2026 20:25:04] ─────────────────────────────────────
[10/10/2026 09:38:13] 🔄 Sincronizando /home/antonio/.hermes/ → /home/antonio/Config/hermes/sesion-hermes/
[10/10/2026 09:38:13] ✅ Archivos sincronizados
[10/10/2026 09:38:13] 📦 Regenerando tarball de backup...
[10/10/2026 09:38:15] ✅ Backup regenerado: ✅ Tarball creado (1,4M): /home/antonio/Config/hermes/backups/hermes/hermes-backup-20261010-093813.tar.gz
[10/10/2026 09:38:15] ─────────────────────────────────────
[10/10/2026 10:08:40] 🔄 Sincronizando /home/antonio/.hermes/ → /home/antonio/Config/hermes/sesion-hermes/
[10/10/2026 10:08:40] ✅ Archivos sincronizados
[10/10/2026 10:08:40] 📦 Regenerando tarball de backup...
[10/10/2026 10:08:41] ✅ Backup regenerado: ✅ Tarball creado (1,4M): /home/antonio/Config/hermes/backups/hermes/hermes-backup-20261010-100840.tar.gz
[10/10/2026 10:08:41] ─────────────────────────────────────
[10/10/2026 10:38:43] 🔄 Sincronizando /home/antonio/.hermes/ → /home/antonio/Config/hermes/sesion-hermes/
[10/10/2026 10:38:43] ✅ Archivos sincronizados
[10/10/2026 10:38:43] 📦 Regenerando tarball de backup...
[10/10/2026 10:38:45] ✅ Backup regenerado: ✅ Tarball creado (1,4M): /home/antonio/Config/hermes/backups/hermes/hermes-backup-20261010-103843.tar.gz
[10/10/2026 10:38:45] ─────────────────────────────────────
[10/10/2026 11:04:53] 🔄 Sincronizando /home/antonio/.hermes/ → /home/antonio/Config/hermes/sesion-hermes/
[10/10/2026 11:04:53] ✅ Archivos sincronizados
[10/10/2026 11:04:53] 📦 Regenerando tarball de backup...
[10/10/2026 11:04:54] ✅ Backup regenerado: ✅ Tarball creado (1,4M): /home/antonio/Config/hermes/backups/hermes/hermes-backup-20261010-110453.tar.gz
[10/10/2026 11:04:54] ─────────────────────────────────────
[10/10/2026 11:09:39] 🔄 Sincronizando /home/antonio/.hermes/ → /home/antonio/Config/hermes/sesion-hermes/
[10/10/2026 11:09:40] ✅ Archivos sincronizados
[10/10/2026 11:09:40] 📦 Regenerando tarball de backup...
[10/10/2026 11:09:41] ✅ Backup regenerado: ✅ Tarball creado (1,4M): /home/antonio/Config/hermes/backups/hermes/hermes-backup-20261010-110940.tar.gz
[10/10/2026 11:09:41] ─────────────────────────────────────
[10/10/2026 11:39:39] 🔄 Sincronizando /home/antonio/.hermes/ → /home/antonio/Config/hermes/sesion-hermes/
[10/10/2026 11:39:40] ✅ Archivos sincronizados
[10/10/2026 11:39:40] 📦 Regenerando tarball de backup...
[10/10/2026 11:39:41] ✅ Backup regenerado: ✅ Tarball creado (1,4M): /home/antonio/Config/hermes/backups/hermes/hermes-backup-20261010-113940.tar.gz
[10/10/2026 11:39:41] ─────────────────────────────────────
[10/10/2026 12:09:43] 🔄 Sincronizando /home/antonio/.hermes/ → /home/antonio/Config/hermes/sesion-hermes/
[10/10/2026 12:09:43] ✅ Archivos sincronizados
[10/10/2026 12:09:43] 📦 Regenerando tarball de backup...
[10/10/2026 12:09:45] ✅ Backup regenerado: ✅ Tarball creado (1,4M): /home/antonio/Config/hermes/backups/hermes/hermes-backup-20261010-120943.tar.gz
[10/10/2026 12:09:45] ─────────────────────────────────────
[10/10/2026 12:31:02] 🔄 Sincronizando /home/antonio/.hermes/ → /home/antonio/Config/hermes/sesion-hermes/
[10/10/2026 12:31:02] ✅ Archivos sincronizados
[10/10/2026 12:31:02] 📦 Regenerando tarball de backup...
[10/10/2026 12:31:04] ✅ Backup regenerado: ✅ Tarball creado (1,4M): /home/antonio/Config/hermes/backups/hermes/hermes-backup-20261010-123102.tar.gz
[10/10/2026 12:31:04] ─────────────────────────────────────
[10/10/2026 12:40:39] 🔄 Sincronizando /home/antonio/.hermes/ → /home/antonio/Config/hermes/sesion-hermes/
[10/10/2026 12:40:40] ✅ Archivos sincronizados
[10/10/2026 12:40:40] 📦 Regenerando tarball de backup...
[10/10/2026 12:40:41] ✅ Backup regenerado: ✅ Tarball creado (1,4M): /home/antonio/Config/hermes/backups/hermes/hermes-backup-20261010-124040.tar.gz
[10/10/2026 12:40:41] ─────────────────────────────────────
[10/10/2026 13:10:40] 🔄 Sincronizando /home/antonio/.hermes/ → /home/antonio/Config/hermes/sesion-hermes/
[10/10/2026 13:10:40] ✅ Archivos sincronizados
[10/10/2026 13:10:40] 📦 Regenerando tarball de backup...
[10/10/2026 13:10:42] ✅ Backup regenerado: ✅ Tarball creado (1,4M): /home/antonio/Config/hermes/backups/hermes/hermes-backup-20261010-131040.tar.gz
[10/10/2026 13:10:42] ─────────────────────────────────────
[10/10/2026 13:40:43] 🔄 Sincronizando /home/antonio/.hermes/ → /home/antonio/Config/hermes/sesion-hermes/
[10/10/2026 13:40:43] ✅ Archivos sincronizados
[10/10/2026 13:40:43] 📦 Regenerando tarball de backup...
[10/10/2026 13:40:45] ✅ Backup regenerado: ✅ Tarball creado (1,4M): /home/antonio/Config/hermes/backups/hermes/hermes-backup-20261010-134043.tar.gz
[10/10/2026 13:40:45] ─────────────────────────────────────
[10/10/2026 14:08:58] 🔄 Sincronizando /home/antonio/.hermes/ → /home/antonio/Config/hermes/sesion-hermes/
[10/10/2026 14:08:58] ✅ Archivos sincronizados
[10/10/2026 14:08:58] 📦 Regenerando tarball de backup...
[10/10/2026 14:09:00] ✅ Backup regenerado: ✅ Tarball creado (1,4M): /home/antonio/Config/hermes/backups/hermes/hermes-backup-20261010-140858.tar.gz
[10/10/2026 14:09:00] ─────────────────────────────────────
[10/10/2026 14:11:40] 🔄 Sincronizando /home/antonio/.hermes/ → /home/antonio/Config/hermes/sesion-hermes/
[10/10/2026 14:11:40] ✅ Archivos sincronizados
[10/10/2026 14:11:40] 📦 Regenerando tarball de backup...
[10/10/2026 14:11:41] ✅ Backup regenerado: ✅ Tarball creado (1,4M): /home/antonio/Config/hermes/backups/hermes/hermes-backup-20261010-141140.tar.gz
[10/10/2026 14:11:41] ─────────────────────────────────────
[10/10/2026 14:16:40] 🔄 Sincronizando /home/antonio/.hermes/ → /home/antonio/Config/hermes/sesion-hermes/
[10/10/2026 14:16:41] ✅ Archivos sincronizados
[10/10/2026 14:16:41] 📦 Regenerando tarball de backup...
[10/10/2026 14:16:42] ✅ Backup regenerado: ✅ Tarball creado (1,4M): /home/antonio/Config/hermes/backups/hermes/hermes-backup-20261010-141641.tar.gz
[10/10/2026 14:16:42] ─────────────────────────────────────
[10/10/2026 14:25:11] 🔄 Sincronizando /home/antonio/.hermes/ → /home/antonio/Config/hermes/sesion-hermes/
[10/10/2026 14:25:11] ✅ Archivos sincronizados
[10/10/2026 14:25:11] 📦 Regenerando tarball de backup...
[10/10/2026 14:25:13] ✅ Backup regenerado: ✅ Tarball creado (1,4M): /home/antonio/Config/hermes/backups/hermes/hermes-backup-20261010-142511.tar.gz
[10/10/2026 14:25:13] ─────────────────────────────────────
[10/10/2026 14:25:45] 🔄 Sincronizando /home/antonio/.hermes/ → /home/antonio/Config/hermes/sesion-hermes/
[10/10/2026 14:25:46] ✅ Archivos sincronizados
[10/10/2026 14:25:46] 📦 Regenerando tarball de backup...
[10/10/2026 14:25:47] ✅ Backup regenerado: ✅ Tarball creado (1,4M): /home/antonio/Config/hermes/backups/hermes/hermes-backup-20261010-142546.tar.gz
[10/10/2026 14:25:47] ─────────────────────────────────────
[10/10/2026 14:37:52] 🔄 Sincronizando /home/antonio/.hermes/ → /home/antonio/Config/hermes/sesion-hermes/
[10/10/2026 14:37:53] ✅ Archivos sincronizados
[10/10/2026 14:37:53] 📦 Regenerando tarball de backup...
[10/10/2026 14:37:54] ✅ Backup regenerado: ✅ Tarball creado (1,4M): /home/antonio/Config/hermes/backups/hermes/hermes-backup-20261010-143753.tar.gz
[10/10/2026 14:37:54] ─────────────────────────────────────
[10/10/2026 14:42:22] 🔄 Sincronizando /home/antonio/.hermes/ → /home/antonio/Config/hermes/sesion-hermes/
[10/10/2026 14:42:22] ✅ Archivos sincronizados
[10/10/2026 14:42:22] 📦 Regenerando tarball de backup...
[10/10/2026 14:42:23] ✅ Backup regenerado: ✅ Tarball creado (1,4M): /home/antonio/Config/hermes/backups/hermes/hermes-backup-20261010-144222.tar.gz
[10/10/2026 14:42:23] ─────────────────────────────────────
[10/10/2026 14:47:17] 🔄 Sincronizando /home/antonio/.hermes/ → /home/antonio/Config/hermes/sesion-hermes/
[10/10/2026 14:47:17] ✅ Archivos sincronizados
[10/10/2026 14:47:17] 📦 Regenerando tarball de backup...
[10/10/2026 14:47:19] ✅ Backup regenerado: ✅ Tarball creado (1,4M): /home/antonio/Config/hermes/backups/hermes/hermes-backup-20261010-144717.tar.gz
[10/10/2026 14:47:19] ─────────────────────────────────────
[10/10/2026 14:57:01] 🔄 Sincronizando /home/antonio/.hermes/ → /home/antonio/Config/hermes/sesion-hermes/
[10/10/2026 14:57:01] ✅ Archivos sincronizados
[10/10/2026 14:57:01] 📦 Regenerando tarball de backup...
[10/10/2026 14:57:03] ✅ Backup regenerado: ✅ Tarball creado (1,4M): /home/antonio/Config/hermes/backups/hermes/hermes-backup-20261010-145701.tar.gz
[10/10/2026 14:57:03] ─────────────────────────────────────
[10/10/2026 15:08:26] 🔄 Sincronizando /home/antonio/.hermes/ → /home/antonio/Config/hermes/sesion-hermes/
[10/10/2026 15:08:27] ✅ Archivos sincronizados
[10/10/2026 15:08:27] 📦 Regenerando tarball de backup...
[10/10/2026 15:08:28] ✅ Backup regenerado: ✅ Tarball creado (1,4M): /home/antonio/Config/hermes/backups/hermes/hermes-backup-20261010-150827.tar.gz
[10/10/2026 15:08:28] ─────────────────────────────────────
[10/10/2026 15:38:27] 🔄 Sincronizando /home/antonio/.hermes/ → /home/antonio/Config/hermes/sesion-hermes/
[10/10/2026 15:38:28] ✅ Archivos sincronizados
[10/10/2026 15:38:28] 📦 Regenerando tarball de backup...
